<html>
  <head>
    <title>Analysis of tmp/repo1 (1970.01.01 00:00:00)</title>
    <style type='text/css'>
.pom { font-weight: bold; color: #7F0055; font-family: monospace; }
.dependency { font-weight: bold; color: #55007F; font-family: monospace; }
.version { font-weight: bold; color: #007F55; font-family: monospace; }
.files { font-style: italic; }
.padLeft { padding-left: 10px; }
tr:hover { background-color: #D0E0FF; }
.hidden { color: white; }
</style>
  </head>
  <body>
    <h1>Analysis of tmp/repo1 (1970.01.01 00:00:00)</h1>
    <p>Found 1 POM files</p>
    <p>Found 2 problems</p>
    <h2>Table of Contents</h2>
    <ul class='toc'>
      <li>
        <a href='#toc1'>Missing Dependencies</a>
      </li>
      <li>
        <a href='#poms'>POMs in the repository</a>
      </li>
    </ul>
    <h2>
      <a name='toc1'>Missing Dependencies</a>
    </h2>
    <p>The following dependencies are used in POMs in the repository but they couldn't be found in it.</p>
    <div class='problem'>The dependency 
      <span class='dependency'>org.eclipse.core:org.eclipse.core.runtime</span> is used in 1 POMs:
      <ul>
        <li>
          <span class='pom'>org.eclipse.birt:org.eclipse.birt.core:2.6.1</span>
        </li>
      </ul>
    </div>
    <div class='problem'>The dependency 
      <span class='dependency'>org.mozilla.javascript:org.mozilla.javascript</span> is used in 1 POMs:
      <ul>
        <li>
          <span class='pom'>org.eclipse.birt:org.eclipse.birt.core:2.6.1</span>
        </li>
      </ul>
    </div>
    <h2>
      <a name='poms'>POMs in the repository</a>
    </h2>
    <table border='0' cellspacing='0' cellpadding='0'>
      <tr>
        <th>Group ID</th>
        <th>Artifact ID + Version</th>
        <th>Files</th>
      </tr>
      <tr>
        <td>org.eclipse.birt<span class='hidden'>:</span></td>
        <td>
          <span class='pom'>org.eclipse.birt.core</span><span class='hidden'>:</span>
          <span class='version'>2.6.1</span>
        </td>
        <td class='padLeft'>
          <span class='files'> jar pom sources</span>
        </td>
      </tr>
    </table>
  </body>
</html>